python : INFO:src.fetchers.
technicals:fetch_ohlc_histo
ry: symbols=ANANTRAJ.NS, 
period=1y
At line:1 char:1
+ python test_tickers.py > 
test_log.txt 2>&1; 
Get-Content test_log.txt  
...
+ ~~~~~~~~~~~~~~~~~~~~~~~~~
~~~~~~~~~~~~~~~~~
    + CategoryInfo         
     : NotSpeci    fied: 
(INFO:src.f    
etche...J.NS, per    
iod=1y:String) []    , 
RemoteException
    + FullyQualifiedE    
rrorId : NativeCo    
mmandError
 
INFO:src.fetchers.technical
s:fetch_ohlc_history: 
success for ANANTRAJ.NS, 
rows=251
INFO:src.fetchers.technical
s:fetch_ohlc_history: 
symbols=M&M.NS, period=1y
INFO:src.fetchers.technical
s:fetch_ohlc_history: 
success for M&M.NS, 
rows=251
ERROR:src.fetchers.fundamen
tals:Failed to fetch 
Screener data for 
TATAMOTORS.NS: 404
INFO:src.fetchers.technical
s:fetch_ohlc_history: 
symbols=TATAMOTORS.NS, 
period=1y
ERROR:yfinance:HTTP Error 
404: {"quoteSummary":{"resu
lt":null,"error":{"code":"N
ot Found","description":"Qu
ote not found for symbol: 
TATAMOTORS.NS"}}}
ERROR:yfinance:$TATAMOTORS.
NS: possibly delisted; no 
price data found  
(period=1y) (Yahoo error = 
"No data found, symbol may 
be delisted")
WARNING:src.fetchers.techni
cals:No history found for 
TATAMOTORS.NS via yfinance 
(Final ticker: 
TATAMOTORS.NS)
ERROR:yfinance:HTTP Error 
404: {"quoteSummary":{"resu
lt":null,"error":{"code":"N
ot Found","description":"Qu
ote not found for symbol: 
TATAMOTORS.NS"}}}
ERROR:yfinance:$TATAMOTORS.
NS: possibly delisted; no 
price data found  
(period=1d) (Yahoo error = 
"No data found, symbol may 
be delisted")
INFO:src.fetchers.technical
s:fetch_ohlc_history: 
symbols=CDSL.NS, period=1y
INFO:src.fetchers.technical
s:fetch_ohlc_history: 
success for CDSL.NS, 
rows=251

--- Testing ANANTRAJ ---
Fundamentals: SUCCESS
  CMP: 555.0
  Mkt Cap: 19961.0
Technicals: SUCCESS
  Close: 554.6500244140625

--- Testing M&M ---
Fundamentals: SUCCESS
  CMP: 3623.0
  Mkt Cap: 450543.0
Technicals: SUCCESS
  Close: 3623.10009765625

--- Testing TATAMOTORS.NS ---
Fundamentals: FAILED
Technicals: FAILED

--- Testing CDSL ---
Fundamentals: SUCCESS
  CMP: 1483.0
  Mkt Cap: 30988.0
Technicals: SUCCESS
  Close: 1482.699951171875
